
> book-journal@0.1.0 dev
> next dev

⚠ Port 3000 is in use by an unknown process, using available port 3002 instead.
▲ Next.js 16.1.6 (Turbopack)
- Local:         http://localhost:3002
- Network:       http://192.168.0.2:3002
- Environments: .env.local

✓ Starting...
⚠ Turbopack's filesystem cache has been deleted because we previously detected an internal error in Turbopack. Builds or page loads may be slower as a result.
✓ Ready in 2.7s
○ Compiling / ...
 GET / 200 in 5.3s (compile: 4.8s, render: 485ms)
 GET / 200 in 228ms (compile: 16ms, render: 211ms)
 GET /api/auth/session 200 in 2.4s (compile: 2.2s, proxy.ts: 153ms, render: 40ms)
 GET /api/auth/session 200 in 70ms (compile: 41ms, proxy.ts: 11ms, render: 18ms)
 GET /add 200 in 1450ms (compile: 1290ms, proxy.ts: 10ms, render: 150ms)
 GET /api/auth/session 200 in 74ms (compile: 48ms, proxy.ts: 14ms, render: 12ms)
 GET /api/auth/session 200 in 27ms (compile: 8ms, proxy.ts: 9ms, render: 9ms)
○ Compiling /add/youtube ...
 GET /add/youtube 200 in 4.4s (compile: 4.0s, proxy.ts: 8ms, render: 375ms)
 GET /api/auth/session 200 in 100ms (compile: 70ms, proxy.ts: 20ms, render: 9ms)
 GET /api/auth/session 200 in 29ms (compile: 8ms, proxy.ts: 14ms, render: 7ms)
 GET /login 200 in 1475ms (compile: 1288ms, render: 187ms)
 GET /api/auth/session 200 in 100ms (compile: 73ms, proxy.ts: 11ms, render: 16ms)
 GET /api/auth/session 200 in 33ms (compile: 15ms, proxy.ts: 10ms, render: 8ms)
✓ Compiled in 4.2s
✓ Compiled in 2.9s
✓ Compiled in 148ms
 GET /?mode=youtube&view=2 200 in 3.1s (compile: 2.1s, render: 988ms)
 GET /api/auth/session 200 in 287ms (compile: 247ms, proxy.ts: 14ms, render: 26ms)
 GET /api/auth/session 200 in 40ms (compile: 12ms, proxy.ts: 13ms, render: 16ms)
 GET /add 200 in 1150ms (compile: 795ms, proxy.ts: 7ms, render: 348ms)
 GET /api/auth/session 200 in 66ms (compile: 51ms, proxy.ts: 6ms, render: 8ms)
 GET /api/auth/session 200 in 19ms (compile: 6ms, proxy.ts: 6ms, render: 7ms)
 GET /add/youtube 200 in 1550ms (compile: 1239ms, proxy.ts: 7ms, render: 304ms)
 GET /api/auth/session 200 in 88ms (compile: 69ms, proxy.ts: 12ms, render: 7ms)
 POST /add/youtube 200 in 189ms (compile: 65ms, proxy.ts: 18ms, render: 107ms)
 GET /api/auth/session 200 in 30ms (compile: 8ms, proxy.ts: 15ms, render: 7ms)
 POST /add/youtube 200 in 34ms (compile: 8ms, proxy.ts: 14ms, render: 13ms)
 GET /login 200 in 104ms (compile: 25ms, render: 79ms)
 GET /api/auth/session 200 in 81ms (compile: 59ms, proxy.ts: 11ms, render: 11ms)
 GET /api/auth/session 200 in 21ms (compile: 8ms, proxy.ts: 6ms, render: 7ms)
✓ Compiled in 186ms
○ Compiling /best ...
 GET /best 200 in 3.5s (compile: 3.4s, render: 98ms)
 GET /api/auth/session 200 in 333ms (compile: 111ms, proxy.ts: 208ms, render: 15ms)
 GET /login 200 in 186ms (compile: 6ms, render: 179ms)
 GET /api/auth/session 200 in 33ms (compile: 9ms, proxy.ts: 17ms, render: 6ms)
✓ Compiled in 5.1s
✓ Compiled in 1523ms
 GET / 200 in 4.6s (compile: 1752ms, render: 2.8s)
 GET /api/auth/session 200 in 872ms (compile: 818ms, proxy.ts: 32ms, render: 23ms)
 GET /api/auth/session 200 in 38ms (compile: 11ms, proxy.ts: 14ms, render: 12ms)
✓ Compiled in 644ms
○ Compiling /api/migrate ...
Starting manual migration...
 GET /api/migrate 200 in 5.5s (compile: 3.8s, render: 1632ms)
✓ Compiled in 1931ms
 GET /best 200 in 1272ms (compile: 631ms, render: 641ms)
 GET /api/auth/session 200 in 610ms (compile: 330ms, proxy.ts: 132ms, render: 148ms)
 GET /login 200 in 499ms (compile: 409ms, render: 90ms)
 GET /api/auth/session 200 in 36ms (compile: 10ms, proxy.ts: 12ms, render: 14ms)
 GET / 200 in 735ms (compile: 265ms, render: 469ms)
 GET /api/auth/session 200 in 121ms (compile: 95ms, proxy.ts: 12ms, render: 14ms)
 GET /api/auth/session 200 in 38ms (compile: 15ms, proxy.ts: 13ms, render: 10ms)
 GET /add/youtube 200 in 1134ms (compile: 509ms, proxy.ts: 9ms, render: 616ms)
 GET /api/auth/session 200 in 128ms (compile: 109ms, proxy.ts: 9ms, render: 10ms)
 POST /add/youtube 200 in 268ms (compile: 112ms, proxy.ts: 12ms, render: 143ms)
 GET /api/auth/session 200 in 48ms (compile: 18ms, proxy.ts: 20ms, render: 10ms)
 POST /add/youtube 200 in 76ms (compile: 21ms, proxy.ts: 12ms, render: 42ms)
✓ Compiled in 77ms
